Global M68K Construktors
	_INIT_0_InitFiles
	_INIT_1_DOS_c__DOSBase
	_INIT_2_MathIEEEDoubTrans_c__MathIeeeDoubTransBase
	_INIT_2_MathIEEEDoubBas_c__MathIeeeDoubBasBase
	_INIT_5_InitStdIOFiles
Global M68K Destruktors
	_EXIT_5_InitFiles
	_EXIT_5_InitStdIOFiles
	_EXIT_4_free
	_EXIT_2_MathIEEEDoubBas_c__MathIeeeDoubBasBase
	_EXIT_2_MathIEEEDoubTrans_c__MathIeeeDoubTransBase
	_EXIT_1_DOS_c__DOSBase
	_EXIT_0_Main
No Global PPC Destruktors
No Global PPC Destruktors

M68K Code


  Hunk #0 ( Far Public ) 15820 Bytes (0x3dcc)
  __startup68K = 0 (0x0) unused, maybe local
    File Workbench:DevelAdd/StormC/StormSYS/startups/startup.o
  _exit = 424 (0x1a8) referenced 3 times
    File Workbench:DevelAdd/StormC/StormSYS/startups/startup.o
  _cleanup = 460 (0x1cc) unused, maybe local
    File Workbench:DevelAdd/Sources/amigasources/StormCProjs/Planets/objects_debug/Planets.o
  _openLibs = 556 (0x22c) unused, maybe local
    File Workbench:DevelAdd/Sources/amigasources/StormCProjs/Planets/objects_debug/Planets.o
  _openWindow = 720 (0x2d0) unused, maybe local
    File Workbench:DevelAdd/Sources/amigasources/StormCProjs/Planets/objects_debug/Planets.o
  _drawEllipse = 870 (0x366) unused, maybe local
    File Workbench:DevelAdd/Sources/amigasources/StormCProjs/Planets/objects_debug/Planets.o
  _calcEllipseRad = 990 (0x3de) unused, maybe local
    File Workbench:DevelAdd/Sources/amigasources/StormCProjs/Planets/objects_debug/Planets.o
  _drawTrabant = 1194 (0x4aa) unused, maybe local
    File Workbench:DevelAdd/Sources/amigasources/StormCProjs/Planets/objects_debug/Planets.o
  _setupDrawEnv = 1378 (0x562) unused, maybe local
    File Workbench:DevelAdd/Sources/amigasources/StormCProjs/Planets/objects_debug/Planets.o
  _drawLoop = 1672 (0x688) unused, maybe local
    File Workbench:DevelAdd/Sources/amigasources/StormCProjs/Planets/objects_debug/Planets.o
  _handleMessagesLoop = 1720 (0x6b8) unused, maybe local
    File Workbench:DevelAdd/Sources/amigasources/StormCProjs/Planets/objects_debug/Planets.o
  _main = 1930 (0x78a) referenced 2 times
    File Workbench:DevelAdd/Sources/amigasources/StormCProjs/Planets/objects_debug/Planets.o
  _fflush = 2756 (0xac4) referenced 1 times
    File Workbench:DevelAdd/StormC/Lib/storm020.lib
  _setvbuf = 2840 (0xb18) referenced 1 times
    File Workbench:DevelAdd/StormC/Lib/storm020.lib
  _amigaread = 3060 (0xbf4) referenced 6 times
    File Workbench:DevelAdd/StormC/Lib/storm020.lib
  _amigareadunget = 3484 (0xd9c) referenced 1 times
    File Workbench:DevelAdd/StormC/Lib/storm020.lib
  _amigawrite = 3584 (0xe00) referenced 4 times
    File Workbench:DevelAdd/StormC/Lib/storm020.lib
  _amigaeof = 4152 (0x1038) referenced 3 times
    File Workbench:DevelAdd/StormC/Lib/storm020.lib
  _amigaseek = 4176 (0x1050) referenced 3 times
    File Workbench:DevelAdd/StormC/Lib/storm020.lib
  _amigagetc = 4520 (0x11a8) referenced 5 times
    File Workbench:DevelAdd/StormC/Lib/storm020.lib
  _amigagetcunget = 4576 (0x11e0) referenced 1 times
    File Workbench:DevelAdd/StormC/Lib/storm020.lib
  _amigaungetc = 4608 (0x1200) referenced 3 times
    File Workbench:DevelAdd/StormC/Lib/storm020.lib
  _amigaputc = 4640 (0x1220) referenced 3 times
    File Workbench:DevelAdd/StormC/Lib/storm020.lib
  _amigaflush = 4700 (0x125c) referenced 8 times
    File Workbench:DevelAdd/StormC/Lib/storm020.lib
  _amigaclose = 4956 (0x135c) referenced 3 times
    File Workbench:DevelAdd/StormC/Lib/storm020.lib
  _INIT_0_InitFiles = 5064 (0x13c8) unused, maybe local
    File Workbench:DevelAdd/StormC/Lib/storm020.lib
  _EXIT_5_InitFiles = 5136 (0x1410) unused, maybe local
    File Workbench:DevelAdd/StormC/Lib/storm020.lib
  _memcpy = 5220 (0x1464) referenced 2 times
    File Workbench:DevelAdd/StormC/Lib/storm020.lib
  _malloc = 5284 (0x14a4) referenced 1 times
    File Workbench:DevelAdd/StormC/Lib/storm020.lib
  _free = 5672 (0x1628) referenced 2 times
    File Workbench:DevelAdd/StormC/Lib/storm020.lib
  _EXIT_4_free = 5848 (0x16d8) unused, maybe local
    File Workbench:DevelAdd/StormC/Lib/storm020.lib
  _formatted_out = 6424 (0x1918) referenced 1 times
    File Workbench:DevelAdd/StormC/Lib/storm020.lib
  _printf = 8500 (0x2134) referenced 1 times
    File Workbench:DevelAdd/StormC/Lib/storm020.lib
  _INIT_5_InitStdIOFiles = 8552 (0x2168) unused, maybe local
    File Workbench:DevelAdd/StormC/Lib/storm020.lib
  _EXIT_5_InitStdIOFiles = 8786 (0x2252) unused, maybe local
    File Workbench:DevelAdd/StormC/Lib/storm020.lib
  _strlen = 8832 (0x2280) referenced 4 times
    File Workbench:DevelAdd/StormC/Lib/storm020.lib
  _signed_out = 8860 (0x229c) referenced 1 times
    File Workbench:DevelAdd/StormC/Lib/storm020.lib
  _signed_out_l = 9514 (0x252a) referenced 1 times
    File Workbench:DevelAdd/StormC/Lib/storm020.lib
  _unsigned_out = 9604 (0x2584) referenced 1 times
    File Workbench:DevelAdd/StormC/Lib/storm020.lib
  _unsigned_out_l = 10196 (0x27d4) referenced 2 times
    File Workbench:DevelAdd/StormC/Lib/storm020.lib
  _char_out = 10716 (0x29dc) referenced 1 times
    File Workbench:DevelAdd/StormC/Lib/storm020.lib
  _string_out = 10856 (0x2a68) referenced 1 times
    File Workbench:DevelAdd/StormC/Lib/storm020.lib
  Close = 11048 (0x2b28) unused, maybe local
    File Workbench:DevelAdd/StormC/Lib/amiga.lib
  _Close = 11048 (0x2b28) referenced 1 times
    File Workbench:DevelAdd/StormC/Lib/amiga.lib
  Read = 11068 (0x2b3c) unused, maybe local
    File Workbench:DevelAdd/StormC/Lib/amiga.lib
  _Read = 11068 (0x2b3c) referenced 1 times
    File Workbench:DevelAdd/StormC/Lib/amiga.lib
  Write = 11096 (0x2b58) unused, maybe local
    File Workbench:DevelAdd/StormC/Lib/amiga.lib
  _Write = 11096 (0x2b58) referenced 2 times
    File Workbench:DevelAdd/StormC/Lib/amiga.lib
  Input = 11124 (0x2b74) unused, maybe local
    File Workbench:DevelAdd/StormC/Lib/amiga.lib
  _Input = 11124 (0x2b74) referenced 1 times
    File Workbench:DevelAdd/StormC/Lib/amiga.lib
  Output = 11140 (0x2b84) unused, maybe local
    File Workbench:DevelAdd/StormC/Lib/amiga.lib
  _Output = 11140 (0x2b84) referenced 1 times
    File Workbench:DevelAdd/StormC/Lib/amiga.lib
  Seek = 11156 (0x2b94) unused, maybe local
    File Workbench:DevelAdd/StormC/Lib/amiga.lib
  _Seek = 11156 (0x2b94) referenced 3 times
    File Workbench:DevelAdd/StormC/Lib/amiga.lib
  DeleteFile = 11184 (0x2bb0) unused, maybe local
    File Workbench:DevelAdd/StormC/Lib/amiga.lib
  _DeleteFile = 11184 (0x2bb0) referenced 1 times
    File Workbench:DevelAdd/StormC/Lib/amiga.lib
  IoErr = 11204 (0x2bc4) unused, maybe local
    File Workbench:DevelAdd/StormC/Lib/amiga.lib
  _IoErr = 11204 (0x2bc4) referenced 1 times
    File Workbench:DevelAdd/StormC/Lib/amiga.lib
  Delay = 11220 (0x2bd4) unused, maybe local
    File Workbench:DevelAdd/StormC/Lib/amiga.lib
  _Delay = 11220 (0x2bd4) referenced 1 times
    File Workbench:DevelAdd/StormC/Lib/amiga.lib
  IsInteractive = 11240 (0x2be8) unused, maybe local
    File Workbench:DevelAdd/StormC/Lib/amiga.lib
  _IsInteractive = 11240 (0x2be8) referenced 1 times
    File Workbench:DevelAdd/StormC/Lib/amiga.lib
  NameFromFH = 11260 (0x2bfc) unused, maybe local
    File Workbench:DevelAdd/StormC/Lib/amiga.lib
  _NameFromFH = 11260 (0x2bfc) referenced 1 times
    File Workbench:DevelAdd/StormC/Lib/amiga.lib
  GetProgramName = 11288 (0x2c18) unused, maybe local
    File Workbench:DevelAdd/StormC/Lib/amiga.lib
  _GetProgramName = 11288 (0x2c18) referenced 1 times
    File Workbench:DevelAdd/StormC/Lib/amiga.lib
  FilePart = 11316 (0x2c34) unused, maybe local
    File Workbench:DevelAdd/StormC/Lib/amiga.lib
  _FilePart = 11316 (0x2c34) referenced 1 times
    File Workbench:DevelAdd/StormC/Lib/amiga.lib
  AddPart = 11336 (0x2c48) unused, maybe local
    File Workbench:DevelAdd/StormC/Lib/amiga.lib
  _AddPart = 11336 (0x2c48) referenced 1 times
    File Workbench:DevelAdd/StormC/Lib/amiga.lib
  VPrintf = 11364 (0x2c64) unused, maybe local
    File Workbench:DevelAdd/StormC/Lib/amiga.lib
  _VPrintf = 11364 (0x2c64) referenced 1 times
    File Workbench:DevelAdd/StormC/Lib/amiga.lib
  Forbid = 11392 (0x2c80) unused, maybe local
    File Workbench:DevelAdd/StormC/Lib/amiga.lib
  _Forbid = 11392 (0x2c80) referenced 1 times
    File Workbench:DevelAdd/StormC/Lib/amiga.lib
  Permit = 11408 (0x2c90) unused, maybe local
    File Workbench:DevelAdd/StormC/Lib/amiga.lib
  _Permit = 11408 (0x2c90) referenced 1 times
    File Workbench:DevelAdd/StormC/Lib/amiga.lib
  Allocate = 11424 (0x2ca0) unused, maybe local
    File Workbench:DevelAdd/StormC/Lib/amiga.lib
  _Allocate = 11424 (0x2ca0) referenced 1 times
    File Workbench:DevelAdd/StormC/Lib/amiga.lib
  Deallocate = 11448 (0x2cb8) unused, maybe local
    File Workbench:DevelAdd/StormC/Lib/amiga.lib
  _Deallocate = 11448 (0x2cb8) referenced 1 times
    File Workbench:DevelAdd/StormC/Lib/amiga.lib
  AllocMem = 11476 (0x2cd4) unused, maybe local
    File Workbench:DevelAdd/StormC/Lib/amiga.lib
  _AllocMem = 11476 (0x2cd4) referenced 2 times
    File Workbench:DevelAdd/StormC/Lib/amiga.lib
  FreeMem = 11500 (0x2cec) unused, maybe local
    File Workbench:DevelAdd/StormC/Lib/amiga.lib
  _FreeMem = 11500 (0x2cec) referenced 4 times
    File Workbench:DevelAdd/StormC/Lib/amiga.lib
  AddHead = 11524 (0x2d04) unused, maybe local
    File Workbench:DevelAdd/StormC/Lib/amiga.lib
  _AddHead = 11524 (0x2d04) referenced 1 times
    File Workbench:DevelAdd/StormC/Lib/amiga.lib
  Remove = 11548 (0x2d1c) unused, maybe local
    File Workbench:DevelAdd/StormC/Lib/amiga.lib
  _Remove = 11548 (0x2d1c) referenced 1 times
    File Workbench:DevelAdd/StormC/Lib/amiga.lib
  RemHead = 11568 (0x2d30) unused, maybe local
    File Workbench:DevelAdd/StormC/Lib/amiga.lib
  _RemHead = 11568 (0x2d30) referenced 2 times
    File Workbench:DevelAdd/StormC/Lib/amiga.lib
  FindTask = 11588 (0x2d44) unused, maybe local
    File Workbench:DevelAdd/StormC/Lib/amiga.lib
  _FindTask = 11588 (0x2d44) referenced 1 times
    File Workbench:DevelAdd/StormC/Lib/amiga.lib
  Wait = 11608 (0x2d58) unused, maybe local
    File Workbench:DevelAdd/StormC/Lib/amiga.lib
  _Wait = 11608 (0x2d58) referenced 1 times
    File Workbench:DevelAdd/StormC/Lib/amiga.lib
  GetMsg = 11628 (0x2d6c) unused, maybe local
    File Workbench:DevelAdd/StormC/Lib/amiga.lib
  _GetMsg = 11628 (0x2d6c) referenced 1 times
    File Workbench:DevelAdd/StormC/Lib/amiga.lib
  ReplyMsg = 11648 (0x2d80) unused, maybe local
    File Workbench:DevelAdd/StormC/Lib/amiga.lib
  _ReplyMsg = 11648 (0x2d80) referenced 1 times
    File Workbench:DevelAdd/StormC/Lib/amiga.lib
  CloseLibrary = 11668 (0x2d94) unused, maybe local
    File Workbench:DevelAdd/StormC/Lib/amiga.lib
  _CloseLibrary = 11668 (0x2d94) referenced 2 times
    File Workbench:DevelAdd/StormC/Lib/amiga.lib
  OpenLibrary = 11688 (0x2da8) unused, maybe local
    File Workbench:DevelAdd/StormC/Lib/amiga.lib
  _OpenLibrary = 11688 (0x2da8) referenced 2 times
    File Workbench:DevelAdd/StormC/Lib/amiga.lib
  AllocVec = 11712 (0x2dc0) unused, maybe local
    File Workbench:DevelAdd/StormC/Lib/amiga.lib
  _AllocVec = 11712 (0x2dc0) referenced 1 times
    File Workbench:DevelAdd/StormC/Lib/amiga.lib
  FreeVec = 11736 (0x2dd8) unused, maybe local
    File Workbench:DevelAdd/StormC/Lib/amiga.lib
  _FreeVec = 11736 (0x2dd8) referenced 1 times
    File Workbench:DevelAdd/StormC/Lib/amiga.lib
  DrawEllipse = 11756 (0x2dec) unused, maybe local
    File Workbench:DevelAdd/StormC/Lib/amiga.lib
  _DrawEllipse = 11756 (0x2dec) referenced 1 times
    File Workbench:DevelAdd/StormC/Lib/amiga.lib
  AreaEllipse = 11788 (0x2e0c) unused, maybe local
    File Workbench:DevelAdd/StormC/Lib/amiga.lib
  _AreaEllipse = 11788 (0x2e0c) referenced 1 times
    File Workbench:DevelAdd/StormC/Lib/amiga.lib
  AreaEnd = 11820 (0x2e2c) unused, maybe local
    File Workbench:DevelAdd/StormC/Lib/amiga.lib
  _AreaEnd = 11820 (0x2e2c) referenced 1 times
    File Workbench:DevelAdd/StormC/Lib/amiga.lib
  InitArea = 11840 (0x2e40) unused, maybe local
    File Workbench:DevelAdd/StormC/Lib/amiga.lib
  _InitArea = 11840 (0x2e40) referenced 1 times
    File Workbench:DevelAdd/StormC/Lib/amiga.lib
  SetAPen = 11868 (0x2e5c) unused, maybe local
    File Workbench:DevelAdd/StormC/Lib/amiga.lib
  _SetAPen = 11868 (0x2e5c) referenced 1 times
    File Workbench:DevelAdd/StormC/Lib/amiga.lib
  InitTmpRas = 11892 (0x2e74) unused, maybe local
    File Workbench:DevelAdd/StormC/Lib/amiga.lib
  _InitTmpRas = 11892 (0x2e74) referenced 1 times
    File Workbench:DevelAdd/StormC/Lib/amiga.lib
  CloseWindow = 11920 (0x2e90) unused, maybe local
    File Workbench:DevelAdd/StormC/Lib/amiga.lib
  _CloseWindow = 11920 (0x2e90) referenced 1 times
    File Workbench:DevelAdd/StormC/Lib/amiga.lib
  EasyRequest = 11940 (0x2ea4) unused, maybe local
    File Workbench:DevelAdd/StormC/Lib/amiga.lib
  _EasyRequest = 11940 (0x2ea4) referenced 1 times
    File Workbench:DevelAdd/StormC/Lib/amiga.lib
  OpenWindowTags = 11972 (0x2ec4) unused, maybe local
    File Workbench:DevelAdd/StormC/Lib/amiga.lib
  _OpenWindowTags = 11972 (0x2ec4) referenced 1 times
    File Workbench:DevelAdd/StormC/Lib/amiga.lib
  _setjmp = 11996 (0x2edc) referenced 1 times
    File Workbench:DevelAdd/StormC/StormSYS/lib/math020.lib
  _longjmp = 12012 (0x2eec) referenced 1 times
    File Workbench:DevelAdd/StormC/StormSYS/lib/math020.lib
  _floor = 12032 (0x2f00) referenced 1 times
    File Workbench:DevelAdd/StormC/StormSYS/lib/math020.lib
  _sin = 12056 (0x2f18) referenced 1 times
    File Workbench:DevelAdd/StormC/StormSYS/lib/math020.lib
  _cos = 12080 (0x2f30) referenced 1 times
    File Workbench:DevelAdd/StormC/StormSYS/lib/math020.lib
  _frexp = 12104 (0x2f48) referenced 1 times
    File Workbench:DevelAdd/StormC/StormSYS/lib/math020.lib
  _double_out = 12760 (0x31d8) referenced 1 times
    File Workbench:DevelAdd/StormC/StormSYS/lib/math020.lib
  main() = 14216 (0x3788) referenced 2 times
    File Workbench:DevelAdd/StormC/StormSYS/lib/stormcstartup020.lib
  main(int,char **) = 14224 (0x3790) referenced 2 times
    File Workbench:DevelAdd/StormC/StormSYS/lib/stormcstartup020.lib
  _wbmain__FP9WBStartup = 14232 (0x3798) unused, maybe local
    File Workbench:DevelAdd/StormC/StormSYS/lib/stormcstartup020.lib
  wbmain(WBStartup *) = 14232 (0x3798) referenced 2 times
    File Workbench:DevelAdd/StormC/StormSYS/lib/stormcstartup020.lib
  _wbmain = 14240 (0x37a0) referenced 2 times
    File Workbench:DevelAdd/StormC/StormSYS/lib/stormcstartup020.lib
  main(int,char *) = 14244 (0x37a4) referenced 1 times
    File Workbench:DevelAdd/StormC/StormSYS/lib/stormcstartup020.lib
  _EXIT_0_Main = 14704 (0x3970) unused, maybe local
    File Workbench:DevelAdd/StormC/StormSYS/lib/stormcstartup020.lib
  _INIT_1_DOS_c__DOSBase = 14756 (0x39a4) unused, maybe local
    File Workbench:DevelAdd/StormC/StormSYS/lib/stormcstartup020.lib
  _EXIT_1_DOS_c__DOSBase = 14792 (0x39c8) unused, maybe local
    File Workbench:DevelAdd/StormC/StormSYS/lib/stormcstartup020.lib
  _InitModules = 14868 (0x3a14) referenced 1 times
    File Workbench:DevelAdd/StormC/StormSYS/lib/stormcstartup020.lib
  _CleanupModules = 14944 (0x3a60) referenced 1 times
    File Workbench:DevelAdd/StormC/StormSYS/lib/stormcstartup020.lib
  LibBaseC::LibBaseC(char *,unsigned long,short) = 15032 (0x3ab8) referenced 3 times
    File Workbench:DevelAdd/StormC/StormSYS/lib/stormcstartup020.lib
  LibBaseC::~LibBaseC() = 15448 (0x3c58) referenced 3 times
    File Workbench:DevelAdd/StormC/StormSYS/lib/stormcstartup020.lib
  _INIT_2_MathIEEEDoubBas_c__MathIeeeDoubBasBase = 15480 (0x3c78) unused, maybe local
    File Workbench:DevelAdd/StormC/StormSYS/lib/stormcstartup020.lib
  _EXIT_2_MathIEEEDoubBas_c__MathIeeeDoubBasBase = 15516 (0x3c9c) unused, maybe local
    File Workbench:DevelAdd/StormC/StormSYS/lib/stormcstartup020.lib
  _INIT_2_MathIEEEDoubTrans_c__MathIeeeDoubTransBase = 15564 (0x3ccc) unused, maybe local
    File Workbench:DevelAdd/StormC/StormSYS/lib/stormcstartup020.lib
  _EXIT_2_MathIEEEDoubTrans_c__MathIeeeDoubTransBase = 15600 (0x3cf0) unused, maybe local
    File Workbench:DevelAdd/StormC/StormSYS/lib/stormcstartup020.lib
  Neg64 = 15648 (0x3d20) referenced 1 times
    File Workbench:DevelAdd/StormC/StormSYS/lib/stormcsupport020.lib
  ___neg64 = 15648 (0x3d20) unused, maybe local
    File Workbench:DevelAdd/StormC/StormSYS/lib/stormcsupport020.lib
  SDiv64 = 15656 (0x3d28) referenced 1 times
    File Workbench:DevelAdd/StormC/StormSYS/lib/stormcsupport020.lib
  UDiv64 = 15696 (0x3d50) referenced 1 times
    File Workbench:DevelAdd/StormC/StormSYS/lib/stormcsupport020.lib
  ___uintdivmod64 = 15696 (0x3d50) unused, maybe local
    File Workbench:DevelAdd/StormC/StormSYS/lib/stormcsupport020.lib
  ___intdivmod64 = 15656 (0x3d28) unused, maybe local
    File Workbench:DevelAdd/StormC/StormSYS/lib/stormcsupport020.lib
  UMod64 = 15796 (0x3db4) referenced 1 times
    File Workbench:DevelAdd/StormC/StormSYS/lib/stormcsupport020.lib
  ___uintmod64 = 15796 (0x3db4) unused, maybe local
    File Workbench:DevelAdd/StormC/StormSYS/lib/stormcsupport020.lib
  SMod64 = 15808 (0x3dc0) referenced 1 times
    File Workbench:DevelAdd/StormC/StormSYS/lib/stormcsupport020.lib
  ___intmod64 = 15808 (0x3dc0) unused, maybe local
    File Workbench:DevelAdd/StormC/StormSYS/lib/stormcsupport020.lib

  Hunk #1 ( Merged Public ) 224 Bytes (0xe0)
  _NewList = 0 (0x0) referenced 1 times
    File Workbench:DevelAdd/StormC/Lib/amiga.lib
  _CreateTask = 20 (0x14) referenced 1 times
    File Workbench:DevelAdd/StormC/Lib/amiga.lib
  _DeleteTask = 206 (0xce) referenced 1 times
    File Workbench:DevelAdd/StormC/Lib/amiga.lib

PowerPC Code


Data


  Hunk #2 ( Far Public ) 1000 Bytes (0x3e8)
  _GfxBase = 0 (0x0) referenced 6 times
    File Workbench:DevelAdd/Sources/amigasources/StormCProjs/Planets/objects_debug/Planets.o
  _IntuitionBase = 4 (0x4) referenced 4 times
    File Workbench:DevelAdd/Sources/amigasources/StormCProjs/Planets/objects_debug/Planets.o
  _win = 8 (0x8) unused, maybe local
    File Workbench:DevelAdd/Sources/amigasources/StormCProjs/Planets/objects_debug/Planets.o
  _rport = 12 (0xc) unused, maybe local
    File Workbench:DevelAdd/Sources/amigasources/StormCProjs/Planets/objects_debug/Planets.o
  _tmpbuf = 16 (0x10) unused, maybe local
    File Workbench:DevelAdd/Sources/amigasources/StormCProjs/Planets/objects_debug/Planets.o
  _taskName = 20 (0x14) unused, maybe local
    File Workbench:DevelAdd/Sources/amigasources/StormCProjs/Planets/objects_debug/Planets.o
  _task = 24 (0x18) unused, maybe local
    File Workbench:DevelAdd/Sources/amigasources/StormCProjs/Planets/objects_debug/Planets.o
  _STACK_SIZE = 28 (0x1c) unused, maybe local
    File Workbench:DevelAdd/Sources/amigasources/StormCProjs/Planets/objects_debug/Planets.o
  _appLoopDone = 32 (0x20) unused, maybe local
    File Workbench:DevelAdd/Sources/amigasources/StormCProjs/Planets/objects_debug/Planets.o
  _std__out = 416 (0x1a0) referenced 3 times
    File Workbench:DevelAdd/StormC/Lib/storm020.lib
  _std__in = 504 (0x1f8) referenced 2 times
    File Workbench:DevelAdd/StormC/Lib/storm020.lib
  _std__err = 592 (0x250) referenced 2 times
    File Workbench:DevelAdd/StormC/Lib/storm020.lib
  _TaskMemTemplate = 680 (0x2a8) unused, maybe local
    File Workbench:DevelAdd/StormC/Lib/amiga.lib
  _DOSBase = 904 (0x388) referenced 16 times
    File Workbench:DevelAdd/StormC/StormSYS/lib/stormcstartup020.lib
  _not_open__LibBaseC = 916 (0x394) referenced 1 times
    File Workbench:DevelAdd/StormC/StormSYS/lib/stormcstartup020.lib
  _MathIeeeDoubBasBase = 920 (0x398) referenced 6 times
    File Workbench:DevelAdd/StormC/StormSYS/lib/stormcstartup020.lib
  _MathIeeeDoubTransBase = 924 (0x39c) referenced 2 times
    File Workbench:DevelAdd/StormC/StormSYS/lib/stormcstartup020.lib
  ___stacksize = 928 (0x3a0) referenced 1 times
    File Workbench:DevelAdd/StormC/StormSYS/lib/stormcstartup020.lib
  ___init_table68k = 936 (0x3a8) referenced 2 times
    File <Internal Assembled>
  ___exit_table68k = 968 (0x3c8) referenced 1 times
    File <Internal Assembled>

BSS


  Hunk #3 ( Far Public ) 1776 Bytes (0x6f0)
  _SysBase = 0 (0x0) referenced 19 times
    File Workbench:DevelAdd/StormC/StormSYS/startups/startup.o
  _wWidth = 176 (0xb0) unused, maybe local
    File Workbench:DevelAdd/Sources/amigasources/StormCProjs/Planets/objects_debug/Planets.o
  _wHeight = 178 (0xb2) unused, maybe local
    File Workbench:DevelAdd/Sources/amigasources/StormCProjs/Planets/objects_debug/Planets.o
  _wCenterX = 180 (0xb4) unused, maybe local
    File Workbench:DevelAdd/Sources/amigasources/StormCProjs/Planets/objects_debug/Planets.o
  _wCenterY = 182 (0xb6) unused, maybe local
    File Workbench:DevelAdd/Sources/amigasources/StormCProjs/Planets/objects_debug/Planets.o
  _areaInfo = 184 (0xb8) unused, maybe local
    File Workbench:DevelAdd/Sources/amigasources/StormCProjs/Planets/objects_debug/Planets.o
  _tmpRas = 208 (0xd0) unused, maybe local
    File Workbench:DevelAdd/Sources/amigasources/StormCProjs/Planets/objects_debug/Planets.o
  _areabuf = 216 (0xd8) unused, maybe local
    File Workbench:DevelAdd/Sources/amigasources/StormCProjs/Planets/objects_debug/Planets.o

END
